// Vitest Snapshot v1, https://vitest.dev/guide/snapshot.html

exports[`Testing the single post component > Should match snapshot 1`] = `"<!--v-if-->"`;

exports[`Testing the single post component > Should match snapshot 2`] = `"<!--v-if-->"`;
