// Vitest Snapshot v1, https://vitest.dev/guide/snapshot.html

exports[`Testing the name component > Should match snapshot 1`] = `"<span data-test=\\"name\\">test_first_name test_last_name</span>"`;
