// Vitest Snapshot v1, https://vitest.dev/guide/snapshot.html

exports[`Testing the component that holds and renders all of the posts in the user id page > Should match snapshot 1`] = `""`;
